// Jest Snapshot v1, https://goo.gl/fbAQLP

exports[`Agent instantiation only includes installMethod if no iopipeToken in custom section of serverless.yml 1`] = `"const iopipe = require('iopipe')({\\"installMethod\\":\\"serverless-plugin-iopipe@0.0.0-semantically-released\\",\\"plugins\\":[]});"`;

exports[`Can create iopipe handler file 1`] = `
"const iopipe = require('iopipe')({\\"token\\":\\"TEST_TOKEN\\",\\"installMethod\\":\\"serverless-plugin-iopipe@0.0.0-semantically-released\\",\\"plugins\\":[]});

let handler, handlerError;
// The following is an automatically generated require statement by the plugin,
// aimed to provide syntax/type errors to the IOpipe service.
// The original file is imported as text with capitalized tokens replaced.
try {
  handler = require('../handlers/simple');
} catch (err) {
  handlerError = err;
}

exports['simple'] = function attemptSimple(event, context, callback) {
  try {
    return iopipe((evt, ctx, cb) => {
      if (handlerError) {
        return cb(handlerError);
      }
      return handler.handler(evt, ctx, cb);
    })(event, context, callback);
  } catch (err) {
    throw err;
  }
};
"
`;

exports[`Warns if iopipe token is not found 1`] = `"You did not specify iopipeToken in your custom section of serverless.yml. iopipe will fall back to $IOPIPE_TOKEN in the lambda environment"`;
